Component: ARM Compiler 5.06 update 3 (build 300) Tool: armlink [4d35c9]

==============================================================================

Section Cross References

    cm0dsasm.o(RESET) refers to cm0dsasm.o(.text) for Reset_Handler


==============================================================================

Image Symbol Table

    Local Symbols

    Symbol Name                              Value     Ov Type        Size  Object(Section)

    RESET                                    0x00000000   Section      128  cm0dsasm.o(RESET)
    cm0dsasm.s                               0x00000000   Number         0  cm0dsasm.o ABSOLUTE
    .text                                    0x00000080   Section      212  cm0dsasm.o(.text)

    Global Symbols

    Symbol Name                              Value     Ov Type        Size  Object(Section)

    BuildAttributes$$THM_ISAv3M$S$PE$A:L22$X:L11$S22$IEEE1$IW$USESV6$~STKCKD$USESV7$~SHL$OSPACE$EBA8$STANDARDLIB$PRES8$EABIv2 0x00000000   Number         0  anon$$obj.o ABSOLUTE
    __Vectors                                0x00000000   Data           4  cm0dsasm.o(RESET)
    Reset_Handler                            0x00000081   Thumb Code    94  cm0dsasm.o(.text)
    Timer_Handler                            0x000000df   Thumb Code    30  cm0dsasm.o(.text)
    UART_Handler                             0x000000fd   Thumb Code    10  cm0dsasm.o(.text)



==============================================================================

Memory Map of the image

  Image Entry point : 0x00000081

  Load Region LR_1 (Base: 0x00000000, Size: 0x00000154, Max: 0xffffffff, ABSOLUTE)

    Execution Region ER_RO (Base: 0x00000000, Size: 0x00000154, Max: 0xffffffff, ABSOLUTE)

    Base Addr    Size         Type   Attr      Idx    E Section Name        Object

    0x00000000   0x00000080   Data   RO            1    RESET               cm0dsasm.o
    0x00000080   0x000000d4   Code   RO            2  * .text               cm0dsasm.o


    Execution Region ER_RW (Base: 0x00000154, Size: 0x00000000, Max: 0xffffffff, ABSOLUTE)

    **** No section assigned to this execution region ****


    Execution Region ER_ZI (Base: 0x00000154, Size: 0x00000000, Max: 0xffffffff, ABSOLUTE)

    **** No section assigned to this execution region ****


==============================================================================

Image component sizes


      Code (inc. data)   RO Data    RW Data    ZI Data      Debug   Object Name

       212         78        128          0          0        508   cm0dsasm.o

    ----------------------------------------------------------------------
       212         78        128          0          0        508   Object Totals
         0          0          0          0          0          0   (incl. Generated)
         0          0          0          0          0          0   (incl. Padding)

    ----------------------------------------------------------------------
         0          0          0          0          0          0   Library Totals
         0          0          0          0          0          0   (incl. Padding)

    ----------------------------------------------------------------------

==============================================================================


      Code (inc. data)   RO Data    RW Data    ZI Data      Debug   

       212         78        128          0          0        508   Grand Totals
       212         78        128          0          0        508   ELF Image Totals
       212         78        128          0          0          0   ROM Totals

==============================================================================

    Total RO  Size (Code + RO Data)                  340 (   0.33kB)
    Total RW  Size (RW Data + ZI Data)                 0 (   0.00kB)
    Total ROM Size (Code + RO Data + RW Data)        340 (   0.33kB)

==============================================================================

