<html>
<body>
<pre>
<h1>µVision Build Log</h1>
<h2>Tool Versions:</h2>
IDE-Version: µVision V5.21.0.0
Copyright (C) 2016 ARM Ltd and ARM Germany GmbH. All rights reserved.
License Information: IT Support HWU-EPS Flex license: MDK-ARM Professional (mdk_pro) Operation stops: 24 Aug 2024
 
Tool Versions:
Toolchain:       MDK-ARM Professional  Version: 5.21
Toolchain Path:  Q:\uVision5.eps\ARM\ARMCC\Bin
C Compiler:      Armcc.exe V5.06 update 3 (build 300)
Assembler:       Armasm.exe V5.06 update 3 (build 300)
Linker/Locator:  ArmLink.exe V5.06 update 3 (build 300)
Library Manager: ArmAr.exe V5.06 update 3 (build 300)
Hex Converter:   FromElf.exe V5.06 update 3 (build 300)
CPU DLL:         SARMCM3.DLL V5.21
Dialog DLL:      DARMCM1.DLL V1.14.0.0
Target DLL:      UL2CM3.DLL V1.158.5.0
Dialog DLL:      TARMCM1.DLL V1.10.0.0
 
<h2>Project:</h2>
H:\Digital Electronics\Lab6\Lab6\Software\Lab6.uvprojx
Project File Date:  02/28/2023

<h2>Output:</h2>
*** Using Compiler 'V5.06 update 3 (build 300)', folder: 'Q:\uVision5.eps\ARM\ARMCC\Bin'
Build target 'Target 1'
assembling cm0dsasm.s...
linking...
.\Objects\code.sct(8): warning: L6314W: No section matches pattern *(InRoot$$Sections).
Program Size: Code=120 RO-data=128 RW-data=0 ZI-data=0  
Finished: 0 information, 1 warning and 0 error messages.
After Build - User command #1: fromelf -cvf .\Objects\code.axf --vhx --32x1 -o code.hex
After Build - User command #2: fromelf -cvf .\Objects\code.axf -o disasm.txt
".\Objects\code.axf" - 0 Error(s), 1 Warning(s).

<h2>Software Packages used:</h2>

Package Vendor: ARM
                http://www.keil.com/pack/ARM.CMSIS.5.0.0-Beta4.pack
                ARM::CMSIS:CORE:5.0.0
                CMSIS (Cortex Microcontroller Software Interface Standard)
   * Component: CORE Version: 5.0.0

<h2>Collection of Component include folders:</h2>
  H:\Digital Electronics\Lab6\Lab6\Software\RTE
  Q:\uVision5.eps\ARM\PACK\ARM\CMSIS\5.0.0-Beta4\CMSIS\Include
  Q:\uVision5.eps\ARM\PACK\ARM\CMSIS\5.0.0-Beta4\Device\ARM\ARMCM0\Include

<h2>Collection of Component Files used:</h2>

   * Component: ARM::CMSIS:CORE:5.0.0
Build Time Elapsed:  00:00:05
</pre>
</body>
</html>
