<html>
<body>
<pre>
<h1>µVision Build Log</h1>
<h2>Tool Versions:</h2>
IDE-Version: µVision V5.21.0.0
Copyright (C) 2016 ARM Ltd and ARM Germany GmbH. All rights reserved.
License Information: IT Support HWU-EPS Flex license: MDK-ARM Professional (mdk_pro) Operation stops: 24 Aug 2024
 
Tool Versions:
Toolchain:       MDK-ARM Professional  Version: 5.21
Toolchain Path:  Q:\uVision5.eps\ARM\ARMCC\Bin
C Compiler:      Armcc.exe V5.06 update 3 (build 300)
Assembler:       Armasm.exe V5.06 update 3 (build 300)
Linker/Locator:  ArmLink.exe V5.06 update 3 (build 300)
Library Manager: ArmAr.exe V5.06 update 3 (build 300)
Hex Converter:   FromElf.exe V5.06 update 3 (build 300)
CPU DLL:         SARMCM3.DLL V5.21
Dialog DLL:      DARMCM1.DLL V1.14.0.0
Target DLL:      UL2CM3.DLL V1.158.5.0
Dialog DLL:      TARMCM1.DLL V1.10.0.0
 
<h2>Project:</h2>
H:\Digital Electronics\Assignment 3\Assignment 3\Software\Software\code.uvprojx
Project File Date:  04/14/2023

<h2>Output:</h2>
*** Using Compiler 'V5.06 update 3 (build 300)', folder: 'Q:\uVision5.eps\ARM\ARMCC\Bin'
Build target 'Target 1'
compiling main.c...
main.c(84): warning:  #111-D: statement is unreachable
  	return 0;
main.c: 1 warning, 0 errors
linking...
Program Size: Code=388 RO-data=1144 RW-data=8 ZI-data=2156  
After Build - User command #1: fromelf -bin code.axf -o code.bin
Warning: Q3910W: Old syntax, please use '--bin'.
Finished: 0 information, 1 warning and 0 error messages.
After Build - User command #2: fromelf -cvf code.axf --vhx --32x1 -o code.hex
".\code.axf" - 0 Error(s), 1 Warning(s).

<h2>Software Packages used:</h2>

Package Vendor: ARM
                http://www.keil.com/pack/ARM.CMSIS.5.0.0-Beta4.pack
                ARM::CMSIS:CORE:5.0.0
                CMSIS (Cortex Microcontroller Software Interface Standard)
   * Component: CORE Version: 5.0.0

<h2>Collection of Component include folders:</h2>
  H:\Digital Electronics\Assignment 3\Assignment 3\Software\Software\RTE
  Q:\uVision5.eps\ARM\PACK\ARM\CMSIS\5.0.0-Beta4\CMSIS\Include
  Q:\uVision5.eps\ARM\PACK\ARM\CMSIS\5.0.0-Beta4\Device\ARM\ARMCM0\Include

<h2>Collection of Component Files used:</h2>

   * Component: ARM::CMSIS:CORE:5.0.0
Build Time Elapsed:  00:00:05
</pre>
</body>
</html>
