Component: ARM Compiler 5.06 update 3 (build 300) Tool: armlink [4d35c9]

==============================================================================

Section Cross References

    cm0dsasm.o(RESET) refers to cm0dsasm.o(.text) for Reset_Handler


==============================================================================

Image Symbol Table

    Local Symbols

    Symbol Name                              Value     Ov Type        Size  Object(Section)

    RESET                                    0x00000000   Section      128  cm0dsasm.o(RESET)
    Source\cm0dsasm.s                        0x00000000   Number         0  cm0dsasm.o ABSOLUTE
    .text                                    0x00000080   Section      172  cm0dsasm.o(.text)

    Global Symbols

    Symbol Name                              Value     Ov Type        Size  Object(Section)

    BuildAttributes$$THM_ISAv3M$S$PE$A:L22$X:L11$S22$IEEE1$IW$USESV6$~STKCKD$USESV7$~SHL$OSPACE$EBA8$STANDARDLIB$PRES8$EABIv2 0x00000000   Number         0  anon$$obj.o ABSOLUTE
    __Vectors                                0x00000000   Data           4  cm0dsasm.o(RESET)
    Reset_Handler                            0x00000081   Thumb Code   120  cm0dsasm.o(.text)



==============================================================================

Memory Map of the image

  Image Entry point : 0x00000081

  Load Region LR_IROM1 (Base: 0x00000000, Size: 0x0000012c, Max: 0x00400000, ABSOLUTE)

    Execution Region ER_IROM1 (Base: 0x00000000, Size: 0x0000012c, Max: 0x00400000, ABSOLUTE)

    Base Addr    Size         Type   Attr      Idx    E Section Name        Object

    0x00000000   0x00000080   Data   RO            1    RESET               cm0dsasm.o
    0x00000080   0x000000ac   Code   RO            2  * .text               cm0dsasm.o


    Execution Region RW_IRAM1 (Base: 0x20000000, Size: 0x00000000, Max: 0x00400000, ABSOLUTE)

    **** No section assigned to this execution region ****


==============================================================================

Image component sizes


      Code (inc. data)   RO Data    RW Data    ZI Data      Debug   Object Name

       172         52        128          0          0        412   cm0dsasm.o

    ----------------------------------------------------------------------
       172         52        128          0          0        412   Object Totals
         0          0          0          0          0          0   (incl. Generated)
         0          0          0          0          0          0   (incl. Padding)

    ----------------------------------------------------------------------
         0          0          0          0          0          0   Library Totals
         0          0          0          0          0          0   (incl. Padding)

    ----------------------------------------------------------------------

==============================================================================


      Code (inc. data)   RO Data    RW Data    ZI Data      Debug   

       172         52        128          0          0        412   Grand Totals
       172         52        128          0          0        412   ELF Image Totals
       172         52        128          0          0          0   ROM Totals

==============================================================================

    Total RO  Size (Code + RO Data)                  300 (   0.29kB)
    Total RW  Size (RW Data + ZI Data)                 0 (   0.00kB)
    Total ROM Size (Code + RO Data + RW Data)        300 (   0.29kB)

==============================================================================

